com\reimbursement\dao\RecordDAO.class
com\reimbursement\controller\ViewController.class
com\reimbursement\servlet\WebpageServlet.class
com\reimbursement\dao\ReimbursementDAO.class
com\reimbursement\dao\UserDAO.class
com\reimbursement\dao\UserRoleDAO.class
com\reimbursement\servlet\DataServlet.class
com\reimbursement\dao\ReimbursementTypeDAO.class
com\reimbursement\util\DBConnector.class
com\reimbursement\model\Reimbursement.class
com\reimbursement\controller\InboundDataController.class
com\reimbursement\model\ReimbursementType.class
com\reimbursement\model\UserRole.class
com\reimbursement\service\ReimbursementService.class
com\reimbursement\servlet\ReturnDataSelector.class
com\reimbursement\dao\ReimbursementStatusDAO.class
com\reimbursement\service\RecordService.class
com\reimbursement\dao\DBAccessor.class
com\reimbursement\model\ReimbursementStatus.class
com\reimbursement\model\UserDTO.class
com\reimbursement\controller\OutboundDataController.class
com\reimbursement\model\User.class
com\reimbursement\service\UserService.class
com\reimbursement\model\RecordDTO.class
