C:\Dev\Revature\Training\2009Sep28Batch\Reimbursement\src\main\java\com\reimbursement\controller\ViewController.java
C:\Dev\Revature\Training\2009Sep28Batch\Reimbursement\src\main\java\com\reimbursement\model\ReimbursementStatus.java
C:\Dev\Revature\Training\2009Sep28Batch\Reimbursement\src\main\java\com\reimbursement\service\RecordService.java
C:\Dev\Revature\Training\2009Sep28Batch\Reimbursement\src\main\java\com\reimbursement\model\ReimbursementType.java
C:\Dev\Revature\Training\2009Sep28Batch\Reimbursement\src\main\java\com\reimbursement\servlet\WebpageServlet.java
C:\Dev\Revature\Training\2009Sep28Batch\Reimbursement\src\main\java\com\reimbursement\model\Reimbursement.java
C:\Dev\Revature\Training\2009Sep28Batch\Reimbursement\src\main\java\com\reimbursement\model\UserRole.java
C:\Dev\Revature\Training\2009Sep28Batch\Reimbursement\src\main\java\com\reimbursement\controller\InboundDataController.java
C:\Dev\Revature\Training\2009Sep28Batch\Reimbursement\src\main\java\com\reimbursement\servlet\DataServlet.java
C:\Dev\Revature\Training\2009Sep28Batch\Reimbursement\src\main\java\com\reimbursement\dao\ReimbursementTypeDAO.java
C:\Dev\Revature\Training\2009Sep28Batch\Reimbursement\src\main\java\com\reimbursement\service\ReimbursementService.java
C:\Dev\Revature\Training\2009Sep28Batch\Reimbursement\src\main\java\com\reimbursement\service\UserService.java
C:\Dev\Revature\Training\2009Sep28Batch\Reimbursement\src\main\java\com\reimbursement\dao\DBAccessor.java
C:\Dev\Revature\Training\2009Sep28Batch\Reimbursement\src\main\java\com\reimbursement\controller\OutboundDataController.java
C:\Dev\Revature\Training\2009Sep28Batch\Reimbursement\src\main\java\com\reimbursement\dao\RecordDAO.java
C:\Dev\Revature\Training\2009Sep28Batch\Reimbursement\src\main\java\com\reimbursement\model\User.java
C:\Dev\Revature\Training\2009Sep28Batch\Reimbursement\src\main\java\com\reimbursement\model\UserDTO.java
C:\Dev\Revature\Training\2009Sep28Batch\Reimbursement\src\main\java\com\reimbursement\dao\UserDAO.java
C:\Dev\Revature\Training\2009Sep28Batch\Reimbursement\src\main\java\com\reimbursement\dao\UserRoleDAO.java
C:\Dev\Revature\Training\2009Sep28Batch\Reimbursement\src\main\java\com\reimbursement\dao\ReimbursementDAO.java
C:\Dev\Revature\Training\2009Sep28Batch\Reimbursement\src\main\java\com\reimbursement\util\DBConnector.java
C:\Dev\Revature\Training\2009Sep28Batch\Reimbursement\src\main\java\com\reimbursement\servlet\ReturnDataSelector.java
C:\Dev\Revature\Training\2009Sep28Batch\Reimbursement\src\main\java\com\reimbursement\dao\ReimbursementStatusDAO.java
C:\Dev\Revature\Training\2009Sep28Batch\Reimbursement\src\main\java\com\reimbursement\model\RecordDTO.java
