C:\Dev\Revature\Training\2009Sep28Batch\Reimbursement\src\test\java\com\reimbursement\midend\RecordServiceTest.java
C:\Dev\Revature\Training\2009Sep28Batch\Reimbursement\src\test\java\com\reimbursement\backend\ReimbursementDaoTest.java
C:\Dev\Revature\Training\2009Sep28Batch\Reimbursement\src\test\java\com\reimbursement\backend\ReimbursementStatusDaoTest.java
C:\Dev\Revature\Training\2009Sep28Batch\Reimbursement\src\test\java\com\reimbursement\backend\RecordDaoTest.java
C:\Dev\Revature\Training\2009Sep28Batch\Reimbursement\src\test\java\com\reimbursement\midend\ReimbursementServiceTest.java
C:\Dev\Revature\Training\2009Sep28Batch\Reimbursement\src\test\java\com\reimbursement\backend\UserDaoTest.java
C:\Dev\Revature\Training\2009Sep28Batch\Reimbursement\src\test\java\com\reimbursement\midend\UserServiceTest.java
C:\Dev\Revature\Training\2009Sep28Batch\Reimbursement\src\test\java\com\reimbursement\backend\ConnectorTest.java
C:\Dev\Revature\Training\2009Sep28Batch\Reimbursement\src\test\java\com\reimbursement\backend\ReimbursementTypeDaoTest.java
C:\Dev\Revature\Training\2009Sep28Batch\Reimbursement\src\test\java\com\reimbursement\backend\UserRoleDaoTest.java
